Failed to load native library:libjansi.so. osinfo: Linux/arm64
java.lang.UnsatisfiedLinkError: /data/data/com.termux/files/usr/lib/jansi/libjansi.so: /lib/aarch64-linux-gnu/libc.so: invalid ELF header
[INFO] Scanning for projects...
[WARNING] 
[WARNING] Some problems were encountered while building the effective model for guru.springframework:spring-7-rest-mvc:jar:0.0.1-SNAPSHOT
[WARNING] 'build.plugins.plugin.(groupId:artifactId)' must be unique but found duplicate declaration of plugin org.apache.maven.plugins:maven-compiler-plugin @ line 71, column 21
[WARNING] 
[WARNING] It is highly recommended to fix these problems because they threaten the stability of your build.
[WARNING] 
[WARNING] For this reason, future Maven versions might no longer support building such malformed projects.
[WARNING] 
[INFO] 
[INFO] ---------------< guru.springframework:spring-7-rest-mvc >---------------
[INFO] Building spring-7-rest-mvc 0.0.1-SNAPSHOT
[INFO]   from pom.xml
[INFO] --------------------------------[ jar ]---------------------------------
[INFO] 
[INFO] >>> spring-boot:4.0.6:run (default-cli) > test-compile @ spring-7-rest-mvc >>>
[INFO] 
[INFO] --- resources:3.3.1:resources (default-resources) @ spring-7-rest-mvc ---
[INFO] Copying 1 resource from src/main/resources to target/classes
[INFO] Copying 0 resource from src/main/resources to target/classes
[INFO] 
[INFO] --- compiler:3.14.1:compile (default-compile) @ spring-7-rest-mvc ---
[INFO] Nothing to compile - all classes are up to date.
[INFO] 
[INFO] --- resources:3.3.1:testResources (default-testResources) @ spring-7-rest-mvc ---
[INFO] skip non existing resourceDirectory /mnt/sdcard/Download/termux/spring-framework-7/spring-7-rest-mvc/src/test/resources
[INFO] 
[INFO] --- compiler:3.14.1:testCompile (default-testCompile) @ spring-7-rest-mvc ---
[INFO] Nothing to compile - all classes are up to date.
[INFO] 
[INFO] <<< spring-boot:4.0.6:run (default-cli) < test-compile @ spring-7-rest-mvc <<<
[INFO] 
[INFO] 
[INFO] --- spring-boot:4.0.6:run (default-cli) @ spring-7-rest-mvc ---
[INFO] Attaching agents: []

  .   ____          _            __ _ _
 /\\ / ___'_ __ _ _(_)_ __  __ _ \ \ \ \
( ( )\___ | '_ | '_| | '_ \/ _` | \ \ \ \
 \\/  ___)| |_)| | | | | || (_| |  ) ) ) )
  '  |____| .__|_| |_|_| |_\__, | / / / /
 =========|_|==============|___/=/_/_/_/

 :: Spring Boot ::                (v4.0.6)

2026-09-08T08:56:12.735+05:30  INFO 26995 --- [  restartedMain] g.s.s.Spring7RestMvcApplication          : Starting Spring7RestMvcApplication using Java 25.0.4 with PID 26995 (/mnt/sdcard/Download/termux/spring-framework-7/spring-7-rest-mvc/target/classes started by root in /mnt/sdcard/Download/termux/spring-framework-7/spring-7-rest-mvc)
2026-09-08T08:56:12.781+05:30 DEBUG 26995 --- [  restartedMain] g.s.s.Spring7RestMvcApplication          : Running with Spring Boot v4.0.6, Spring v7.0.7
2026-09-08T08:56:12.784+05:30  INFO 26995 --- [  restartedMain] g.s.s.Spring7RestMvcApplication          : No active profile set, falling back to 1 default profile: "default"
2026-09-08T08:56:13.140+05:30  INFO 26995 --- [  restartedMain] .e.DevToolsPropertyDefaultsPostProcessor : Devtools property defaults active! Set 'spring.devtools.add-properties' to 'false' to disable
2026-09-08T08:56:13.140+05:30  INFO 26995 --- [  restartedMain] .e.DevToolsPropertyDefaultsPostProcessor : For additional web related logging consider setting the 'logging.level.web' property to 'DEBUG'
2026-09-08T08:56:18.116+05:30  INFO 26995 --- [  restartedMain] o.s.boot.tomcat.TomcatWebServer          : Tomcat initialized with port 8080 (http)
2026-09-08T08:56:18.175+05:30  INFO 26995 --- [  restartedMain] o.apache.catalina.core.StandardService   : Starting service [Tomcat]
2026-09-08T08:56:18.177+05:30  INFO 26995 --- [  restartedMain] o.apache.catalina.core.StandardEngine    : Starting Servlet engine: [Apache Tomcat/11.0.21]
2026-09-08T08:56:18.448+05:30  INFO 26995 --- [  restartedMain] b.w.c.s.WebApplicationContextInitializer : Root WebApplicationContext: initialization completed in 5304 ms
2026-09-08T08:56:20.244+05:30  INFO 26995 --- [  restartedMain] o.s.boot.tomcat.TomcatWebServer          : Tomcat started on port 8080 (http) with context path '/'
2026-09-08T08:56:20.259+05:30  INFO 26995 --- [  restartedMain] g.s.s.Spring7RestMvcApplication          : Started Spring7RestMvcApplication in 10.115 seconds (process running for 11.656)
